apiVersion: v1
items:
- apiVersion: apps/v1
  kind: Deployment
  metadata:
    annotations:
      deployment.kubernetes.io/revision: "1"
      kubectl.kubernetes.io/last-applied-configuration: |
        {"apiVersion":"apps/v1","kind":"Deployment","metadata":{"annotations":{},"labels":{"app":"api","tier":"backend"},"name":"api","namespace":"shop"},"spec":{"replicas":2,"selector":{"matchLabels":{"app":"api"}},"template":{"metadata":{"labels":{"app":"api","tier":"backend"}},"spec":{"containers":[{"command":["sh","-c","while true; do sleep 3600; done"],"env":[{"name":"LOG_LEVEL","value":"info"}],"envFrom":[{"configMapRef":{"name":"app-config"}}],"image":"busybox:1.36","name":"api"}]}}}}
      owner: backend-team@example.org
    creationTimestamp: "2026-09-30T08:54:22Z"
    generation: 2
    labels:
      app: api
      tier: backend
    name: api
    namespace: shop
    resourceVersion: "576"
    uid: d15f0e34-c2cc-48aa-8794-ff982142d803
  spec:
    progressDeadlineSeconds: 600
    replicas: 2
    revisionHistoryLimit: 10
    selector:
      matchLabels:
        app: api
    strategy:
      rollingUpdate:
        maxSurge: 25%
        maxUnavailable: 25%
      type: RollingUpdate
    template:
      metadata:
        labels:
          app: api
          tier: backend
      spec:
        containers:
        - command:
          - sh
          - -c
          - while true; do sleep 3600; done
          env:
          - name: LOG_LEVEL
            value: info
          envFrom:
          - configMapRef:
              name: app-config
          image: busybox:1.36
          imagePullPolicy: IfNotPresent
          name: api
          resources: {}
          terminationMessagePath: /dev/termination-log
          terminationMessagePolicy: File
        dnsPolicy: ClusterFirst
        restartPolicy: Always
        schedulerName: default-scheduler
        securityContext: {}
        terminationGracePeriodSeconds: 30
  status:
    conditions:
    - lastTransitionTime: "2026-09-30T08:54:22Z"
      lastUpdateTime: "2026-09-30T08:54:22Z"
      message: Deployment does not have minimum availability.
      reason: MinimumReplicasUnavailable
      status: "False"
      type: Available
    - lastTransitionTime: "2026-09-30T08:54:22Z"
      lastUpdateTime: "2026-09-30T08:54:22Z"
      message: ReplicaSet "api-69c5d8857d" is progressing.
      reason: ReplicaSetUpdated
      status: "True"
      type: Progressing
    observedGeneration: 2
    replicas: 2
    terminatingReplicas: 0
    unavailableReplicas: 2
    updatedReplicas: 2
- apiVersion: apps/v1
  kind: Deployment
  metadata:
    annotations:
      deployment.kubernetes.io/revision: "1"
      kubectl.kubernetes.io/last-applied-configuration: |
        {"apiVersion":"apps/v1","kind":"Deployment","metadata":{"annotations":{},"labels":{"app":"web","tier":"frontend"},"name":"web","namespace":"shop"},"spec":{"replicas":2,"selector":{"matchLabels":{"app":"web"}},"template":{"metadata":{"labels":{"app":"web","tier":"frontend"}},"spec":{"containers":[{"image":"nginx:1.27-alpine","name":"nginx","ports":[{"containerPort":80}],"resources":{"limits":{"cpu":"200m","memory":"64Mi"},"requests":{"cpu":"50m","memory":"32Mi"}}}]}}}}
    creationTimestamp: "2026-09-30T08:54:22Z"
    generation: 2
    labels:
      app: web
      tier: frontend
    name: web
    namespace: shop
    resourceVersion: "563"
    uid: 8a79400e-cea9-4784-9558-fc0d47b29678
  spec:
    progressDeadlineSeconds: 600
    replicas: 3
    revisionHistoryLimit: 10
    selector:
      matchLabels:
        app: web
    strategy:
      rollingUpdate:
        maxSurge: 25%
        maxUnavailable: 25%
      type: RollingUpdate
    template:
      metadata:
        labels:
          app: web
          tier: frontend
      spec:
        containers:
        - image: nginx:1.27-alpine
          imagePullPolicy: IfNotPresent
          name: nginx
          ports:
          - containerPort: 80
            protocol: TCP
          resources:
            limits:
              cpu: 200m
              memory: 64Mi
            requests:
              cpu: 50m
              memory: 32Mi
          terminationMessagePath: /dev/termination-log
          terminationMessagePolicy: File
        dnsPolicy: ClusterFirst
        restartPolicy: Always
        schedulerName: default-scheduler
        securityContext: {}
        terminationGracePeriodSeconds: 30
  status:
    conditions:
    - lastTransitionTime: "2026-09-30T08:54:22Z"
      lastUpdateTime: "2026-09-30T08:54:22Z"
      message: Deployment does not have minimum availability.
      reason: MinimumReplicasUnavailable
      status: "False"
      type: Available
    - lastTransitionTime: "2026-09-30T08:54:22Z"
      lastUpdateTime: "2026-09-30T08:54:22Z"
      message: ReplicaSet "web-857fc4757b" is progressing.
      reason: ReplicaSetUpdated
      status: "True"
      type: Progressing
    observedGeneration: 2
    replicas: 3
    terminatingReplicas: 0
    unavailableReplicas: 3
    updatedReplicas: 3
- apiVersion: apps/v1
  kind: Deployment
  metadata:
    annotations:
      deployment.kubernetes.io/revision: "1"
    creationTimestamp: "2026-09-30T08:54:22Z"
    generation: 2
    labels:
      app: worker
      team: platform
    name: worker
    namespace: shop
    resourceVersion: "987"
    uid: 789898e5-3102-4a72-93eb-7f34c8bbd05e
  spec:
    progressDeadlineSeconds: 600
    replicas: 3
    revisionHistoryLimit: 10
    selector:
      matchLabels:
        app: worker
    strategy:
      rollingUpdate:
        maxSurge: 25%
        maxUnavailable: 25%
      type: RollingUpdate
    template:
      metadata:
        labels:
          app: worker
      spec:
        containers:
        - command:
          - sh
          - -c
          - while true; do sleep 3600; done
          image: busybox:1.36
          imagePullPolicy: IfNotPresent
          name: busybox
          resources: {}
          terminationMessagePath: /dev/termination-log
          terminationMessagePolicy: File
        dnsPolicy: ClusterFirst
        restartPolicy: Always
        schedulerName: default-scheduler
        securityContext: {}
        terminationGracePeriodSeconds: 30
  status:
    conditions:
    - lastTransitionTime: "2026-09-30T08:54:22Z"
      lastUpdateTime: "2026-09-30T08:54:22Z"
      message: Deployment does not have minimum availability.
      reason: MinimumReplicasUnavailable
      status: "False"
      type: Available
    - lastTransitionTime: "2026-09-30T08:54:22Z"
      lastUpdateTime: "2026-09-30T08:57:50Z"
      message: ReplicaSet "worker-694c9f5fd6" is progressing.
      reason: ReplicaSetUpdated
      status: "True"
      type: Progressing
    observedGeneration: 2
    replicas: 3
    terminatingReplicas: 0
    unavailableReplicas: 3
    updatedReplicas: 3
- apiVersion: v1
  kind: Service
  metadata:
    creationTimestamp: "2026-09-30T08:52:35Z"
    labels:
      component: apiserver
      provider: kubernetes
    name: kubernetes
    namespace: default
    resourceVersion: "67"
    uid: c020fb0a-b1a5-40e6-9f38-b6c89638c840
  spec:
    clusterIP: 10.43.0.1
    clusterIPs:
    - 10.43.0.1
    internalTrafficPolicy: Cluster
    ipFamilies:
    - IPv4
    ipFamilyPolicy: SingleStack
    ports:
    - name: https
      port: 443
      protocol: TCP
      targetPort: 6443
    sessionAffinity: None
    type: ClusterIP
  status:
    loadBalancer: {}
- apiVersion: v1
  kind: Service
  metadata:
    creationTimestamp: "2026-09-30T08:54:22Z"
    labels:
      app: api
      tier: backend
    name: api
    namespace: shop
    resourceVersion: "600"
    uid: bbcfab8a-1384-461e-8509-f6a6273b9ae6
  spec:
    clusterIP: 10.43.89.87
    clusterIPs:
    - 10.43.89.87
    internalTrafficPolicy: Cluster
    ipFamilies:
    - IPv4
    ipFamilyPolicy: SingleStack
    ports:
    - port: 8080
      protocol: TCP
      targetPort: 8080
    selector:
      app: api
    sessionAffinity: None
    type: ClusterIP
  status:
    loadBalancer: {}
- apiVersion: v1
  kind: Service
  metadata:
    creationTimestamp: "2026-09-30T08:54:22Z"
    labels:
      app: web
      tier: frontend
    name: web
    namespace: shop
    resourceVersion: "592"
    uid: 36d96117-20eb-418d-8f07-0f2e079a63a9
  spec:
    clusterIP: 10.43.25.125
    clusterIPs:
    - 10.43.25.125
    internalTrafficPolicy: Cluster
    ipFamilies:
    - IPv4
    ipFamilyPolicy: SingleStack
    ports:
    - port: 80
      protocol: TCP
      targetPort: 80
    selector:
      app: web
    sessionAffinity: None
    type: ClusterIP
  status:
    loadBalancer: {}
- apiVersion: v1
  data:
    ca.crt: |
      -----BEGIN CERTIFICATE-----
      MIIBdzCCAR2gAwIBAgIBADAKBggqhkjOPQQDAjAjMSEwHwYDVQQDDBhrM3Mtc2Vy
      dmVyLWNhQDE3OTA3NTgzNTQwHhcNMjYwOTMwMDc1MjM0WhcNMzYwOTI3MDc1MjM0
      WjAjMSEwHwYDVQQDDBhrM3Mtc2VydmVyLWNhQDE3OTA3NTgzNTQwWTATBgcqhkjO
      PQIBBggqhkjOPQMBBwNCAARiu65hnC0ordSjcSHzCHSl+3wkkvzNEJoQW9hPegmv
      nX9677KnA9lWQL5wXAdz92me3kCUqxnR0m6x7q/V51Fno0IwQDAOBgNVHQ8BAf8E
      BAMCAqQwDwYDVR0TAQH/BAUwAwEB/zAdBgNVHQ4EFgQU1s0hPe7prPXVBUjUnlny
      Y5YAw6AwCgYIKoZIzj0EAwIDSAAwRQIhALfVlx9nBI9dj/RRamyukMkVPyD6R+1O
      3SYzK0xVRstfAiAzQHZNsPV+Ka8zwbRz7rP1v2Bco0d8YztKURmevxy1jA==
      -----END CERTIFICATE-----
  kind: ConfigMap
  metadata:
    annotations:
      kubernetes.io/description: Contains a CA bundle that can be used to verify the
        kube-apiserver when using internal endpoints such as the internal service
        IP or kubernetes.default.svc. No other usage is guaranteed across distributions
        of Kubernetes clusters.
    creationTimestamp: "2026-09-30T08:52:42Z"
    name: kube-root-ca.crt
    namespace: default
    resourceVersion: "374"
    uid: e866cf6c-c37b-4737-b842-93e489f17ea9
- apiVersion: v1
  data:
    ca.crt: |
      -----BEGIN CERTIFICATE-----
      MIIBdzCCAR2gAwIBAgIBADAKBggqhkjOPQQDAjAjMSEwHwYDVQQDDBhrM3Mtc2Vy
      dmVyLWNhQDE3OTA3NTgzNTQwHhcNMjYwOTMwMDc1MjM0WhcNMzYwOTI3MDc1MjM0
      WjAjMSEwHwYDVQQDDBhrM3Mtc2VydmVyLWNhQDE3OTA3NTgzNTQwWTATBgcqhkjO
      PQIBBggqhkjOPQMBBwNCAARiu65hnC0ordSjcSHzCHSl+3wkkvzNEJoQW9hPegmv
      nX9677KnA9lWQL5wXAdz92me3kCUqxnR0m6x7q/V51Fno0IwQDAOBgNVHQ8BAf8E
      BAMCAqQwDwYDVR0TAQH/BAUwAwEB/zAdBgNVHQ4EFgQU1s0hPe7prPXVBUjUnlny
      Y5YAw6AwCgYIKoZIzj0EAwIDSAAwRQIhALfVlx9nBI9dj/RRamyukMkVPyD6R+1O
      3SYzK0xVRstfAiAzQHZNsPV+Ka8zwbRz7rP1v2Bco0d8YztKURmevxy1jA==
      -----END CERTIFICATE-----
  kind: ConfigMap
  metadata:
    annotations:
      kubernetes.io/description: Contains a CA bundle that can be used to verify the
        kube-apiserver when using internal endpoints such as the internal service
        IP or kubernetes.default.svc. No other usage is guaranteed across distributions
        of Kubernetes clusters.
    creationTimestamp: "2026-09-30T08:52:42Z"
    name: kube-root-ca.crt
    namespace: kube-node-lease
    resourceVersion: "375"
    uid: 3f808a47-a380-4226-8173-fa531d1e8d79
- apiVersion: v1
  data:
    ca.crt: |
      -----BEGIN CERTIFICATE-----
      MIIBdzCCAR2gAwIBAgIBADAKBggqhkjOPQQDAjAjMSEwHwYDVQQDDBhrM3Mtc2Vy
      dmVyLWNhQDE3OTA3NTgzNTQwHhcNMjYwOTMwMDc1MjM0WhcNMzYwOTI3MDc1MjM0
      WjAjMSEwHwYDVQQDDBhrM3Mtc2VydmVyLWNhQDE3OTA3NTgzNTQwWTATBgcqhkjO
      PQIBBggqhkjOPQMBBwNCAARiu65hnC0ordSjcSHzCHSl+3wkkvzNEJoQW9hPegmv
      nX9677KnA9lWQL5wXAdz92me3kCUqxnR0m6x7q/V51Fno0IwQDAOBgNVHQ8BAf8E
      BAMCAqQwDwYDVR0TAQH/BAUwAwEB/zAdBgNVHQ4EFgQU1s0hPe7prPXVBUjUnlny
      Y5YAw6AwCgYIKoZIzj0EAwIDSAAwRQIhALfVlx9nBI9dj/RRamyukMkVPyD6R+1O
      3SYzK0xVRstfAiAzQHZNsPV+Ka8zwbRz7rP1v2Bco0d8YztKURmevxy1jA==
      -----END CERTIFICATE-----
  kind: ConfigMap
  metadata:
    annotations:
      kubernetes.io/description: Contains a CA bundle that can be used to verify the
        kube-apiserver when using internal endpoints such as the internal service
        IP or kubernetes.default.svc. No other usage is guaranteed across distributions
        of Kubernetes clusters.
    creationTimestamp: "2026-09-30T08:52:42Z"
    name: kube-root-ca.crt
    namespace: kube-public
    resourceVersion: "372"
    uid: 35d4899d-6258-457f-aca5-aa05d66c24ca
- apiVersion: v1
  data:
    client-ca-file: |
      -----BEGIN CERTIFICATE-----
      MIIBdzCCAR2gAwIBAgIBADAKBggqhkjOPQQDAjAjMSEwHwYDVQQDDBhrM3MtY2xp
      ZW50LWNhQDE3OTA3NTgzNTQwHhcNMjYwOTMwMDc1MjM0WhcNMzYwOTI3MDc1MjM0
      WjAjMSEwHwYDVQQDDBhrM3MtY2xpZW50LWNhQDE3OTA3NTgzNTQwWTATBgcqhkjO
      PQIBBggqhkjOPQMBBwNCAAQN/7x+oVnjGCzkhmiQljVo5upLkzb6rzE4Tx5oc6yy
      GwBSZ+bL9migoQKUNiTnAI4rKNLy20z0Qptzc7uKTfklo0IwQDAOBgNVHQ8BAf8E
      BAMCAqQwDwYDVR0TAQH/BAUwAwEB/zAdBgNVHQ4EFgQUD4PZqzoSPuaBmCQzWfdB
      0ultCPkwCgYIKoZIzj0EAwIDSAAwRQIhAJv+8KWeUn4qaxDK1DAiIaefqYAn4A9o
      fMrkufJHu4SwAiBSoZ+4NdfJFqij840NBxwvso4Ebsn/g4j7DVBMDKzQ7g==
      -----END CERTIFICATE-----
    requestheader-allowed-names: '["system:auth-proxy"]'
    requestheader-client-ca-file: |
      -----BEGIN CERTIFICATE-----
      MIIBhzCCAS2gAwIBAgIBADAKBggqhkjOPQQDAjArMSkwJwYDVQQDDCBrM3MtcmVx
      dWVzdC1oZWFkZXItY2FAMTc5MDc1ODM1NDAeFw0yNjA5MzAwNzUyMzRaFw0zNjA5
      MjcwNzUyMzRaMCsxKTAnBgNVBAMMIGszcy1yZXF1ZXN0LWhlYWRlci1jYUAxNzkw
      NzU4MzU0MFkwEwYHKoZIzj0CAQYIKoZIzj0DAQcDQgAEy3hyLxEUWObsWk3zgFBG
      Rq8qfjR/QRrfyd+opXLHd9k4eVTaD0KQvm++RM1NfZPVEl961OMBdwgSk3dv/rXa
      i6NCMEAwDgYDVR0PAQH/BAQDAgKkMA8GA1UdEwEB/wQFMAMBAf8wHQYDVR0OBBYE
      FDhXFD7OoHa8Ep4YTMUv4UKqBV52MAoGCCqGSM49BAMCA0gAMEUCIHdaPJYQK7Vn
      Ot+hn+RPU8QwqhQyle/LA1nY+Yvz0vpoAiEAq8M0yIeE0pduMFAjuwic9ZEzQj1C
      lBy3XWNg8V7DNBU=
      -----END CERTIFICATE-----
    requestheader-extra-headers-prefix: '["X-Remote-Extra-"]'
    requestheader-group-headers: '["X-Remote-Group"]'
    requestheader-username-headers: '["X-Remote-User"]'
  kind: ConfigMap
  metadata:
    creationTimestamp: "2026-09-30T08:52:35Z"
    name: extension-apiserver-authentication
    namespace: kube-system
    resourceVersion: "14"
    uid: 0cbe212f-b7ed-4fe1-82b4-18c7db068324
- apiVersion: v1
  data:
    since: "2026-09-30"
  kind: ConfigMap
  metadata:
    creationTimestamp: "2026-09-30T08:52:35Z"
    name: kube-apiserver-legacy-service-account-token-tracking
    namespace: kube-system
    resourceVersion: "65"
    uid: 6b7125c7-fe6c-435b-9169-cbe35fc66b7c
- apiVersion: v1
  data:
    ca.crt: |
      -----BEGIN CERTIFICATE-----
      MIIBdzCCAR2gAwIBAgIBADAKBggqhkjOPQQDAjAjMSEwHwYDVQQDDBhrM3Mtc2Vy
      dmVyLWNhQDE3OTA3NTgzNTQwHhcNMjYwOTMwMDc1MjM0WhcNMzYwOTI3MDc1MjM0
      WjAjMSEwHwYDVQQDDBhrM3Mtc2VydmVyLWNhQDE3OTA3NTgzNTQwWTATBgcqhkjO
      PQIBBggqhkjOPQMBBwNCAARiu65hnC0ordSjcSHzCHSl+3wkkvzNEJoQW9hPegmv
      nX9677KnA9lWQL5wXAdz92me3kCUqxnR0m6x7q/V51Fno0IwQDAOBgNVHQ8BAf8E
      BAMCAqQwDwYDVR0TAQH/BAUwAwEB/zAdBgNVHQ4EFgQU1s0hPe7prPXVBUjUnlny
      Y5YAw6AwCgYIKoZIzj0EAwIDSAAwRQIhALfVlx9nBI9dj/RRamyukMkVPyD6R+1O
      3SYzK0xVRstfAiAzQHZNsPV+Ka8zwbRz7rP1v2Bco0d8YztKURmevxy1jA==
      -----END CERTIFICATE-----
  kind: ConfigMap
  metadata:
    annotations:
      kubernetes.io/description: Contains a CA bundle that can be used to verify the
        kube-apiserver when using internal endpoints such as the internal service
        IP or kubernetes.default.svc. No other usage is guaranteed across distributions
        of Kubernetes clusters.
    creationTimestamp: "2026-09-30T08:52:42Z"
    name: kube-root-ca.crt
    namespace: kube-system
    resourceVersion: "373"
    uid: 5c3f76b6-162d-4f01-a72b-387442bd9035
- apiVersion: v1
  data:
    CACHE_TTL: "300"
    FEATURE_FLAGS: checkout,search
    LOG_LEVEL: info
  kind: ConfigMap
  metadata:
    creationTimestamp: "2026-09-30T08:54:22Z"
    name: app-config
    namespace: shop
    resourceVersion: "586"
    uid: 07cbfa6f-29ed-4940-80b7-44cd04b912ca
- apiVersion: v1
  data:
    ca.crt: |
      -----BEGIN CERTIFICATE-----
      MIIBdzCCAR2gAwIBAgIBADAKBggqhkjOPQQDAjAjMSEwHwYDVQQDDBhrM3Mtc2Vy
      dmVyLWNhQDE3OTA3NTgzNTQwHhcNMjYwOTMwMDc1MjM0WhcNMzYwOTI3MDc1MjM0
      WjAjMSEwHwYDVQQDDBhrM3Mtc2VydmVyLWNhQDE3OTA3NTgzNTQwWTATBgcqhkjO
      PQIBBggqhkjOPQMBBwNCAARiu65hnC0ordSjcSHzCHSl+3wkkvzNEJoQW9hPegmv
      nX9677KnA9lWQL5wXAdz92me3kCUqxnR0m6x7q/V51Fno0IwQDAOBgNVHQ8BAf8E
      BAMCAqQwDwYDVR0TAQH/BAUwAwEB/zAdBgNVHQ4EFgQU1s0hPe7prPXVBUjUnlny
      Y5YAw6AwCgYIKoZIzj0EAwIDSAAwRQIhALfVlx9nBI9dj/RRamyukMkVPyD6R+1O
      3SYzK0xVRstfAiAzQHZNsPV+Ka8zwbRz7rP1v2Bco0d8YztKURmevxy1jA==
      -----END CERTIFICATE-----
  kind: ConfigMap
  metadata:
    annotations:
      kubernetes.io/description: Contains a CA bundle that can be used to verify the
        kube-apiserver when using internal endpoints such as the internal service
        IP or kubernetes.default.svc. No other usage is guaranteed across distributions
        of Kubernetes clusters.
    creationTimestamp: "2026-09-30T08:54:22Z"
    name: kube-root-ca.crt
    namespace: shop
    resourceVersion: "495"
    uid: 02a942a3-9368-4d3f-8c2a-928d0235f8cf
kind: List
metadata:
  resourceVersion: ""
