[0m[1mdata.local_file.input: Reading...[0m[0m
[0m[1mdata.local_file.input: Read complete after 0s [id=3e43d0fbaee70cacc072599ff2c9951198021c3e][0m
[0m[1mdata.http.check: Reading...[0m[0m
[0m[1mdata.external.info: Reading...[0m[0m
[0m[1mdata.external.info: Read complete after 0s [id=-][0m
[0m[1mdata.http.check: Read complete after 0s [id=https://checkpoint-api.hashicorp.com/v1/check/terraform][0m

Terraform used the selected providers to generate the following execution
plan. Resource actions are indicated with the following symbols:
  [32m+[0m create[0m

Terraform will perform the following actions:

[1m  # local_file.out[0][0m will be created
[0m  [32m+[0m[0m resource "local_file" "out" {
      [32m+[0m[0m content              = (known after apply)
      [32m+[0m[0m content_base64sha256 = (known after apply)
      [32m+[0m[0m content_base64sha512 = (known after apply)
      [32m+[0m[0m content_md5          = (known after apply)
      [32m+[0m[0m content_sha1         = (known after apply)
      [32m+[0m[0m content_sha256       = (known after apply)
      [32m+[0m[0m content_sha512       = (known after apply)
      [32m+[0m[0m directory_permission = "0777"
      [32m+[0m[0m file_permission      = "0777"
      [32m+[0m[0m filename             = "./out/pet-0.txt"
      [32m+[0m[0m id                   = (known after apply)
    }

[1m  # local_file.out[1][0m will be created
[0m  [32m+[0m[0m resource "local_file" "out" {
      [32m+[0m[0m content              = (known after apply)
      [32m+[0m[0m content_base64sha256 = (known after apply)
      [32m+[0m[0m content_base64sha512 = (known after apply)
      [32m+[0m[0m content_md5          = (known after apply)
      [32m+[0m[0m content_sha1         = (known after apply)
      [32m+[0m[0m content_sha256       = (known after apply)
      [32m+[0m[0m content_sha512       = (known after apply)
      [32m+[0m[0m directory_permission = "0777"
      [32m+[0m[0m file_permission      = "0777"
      [32m+[0m[0m filename             = "./out/pet-1.txt"
      [32m+[0m[0m id                   = (known after apply)
    }

[1m  # local_file.out[2][0m will be created
[0m  [32m+[0m[0m resource "local_file" "out" {
      [32m+[0m[0m content              = (known after apply)
      [32m+[0m[0m content_base64sha256 = (known after apply)
      [32m+[0m[0m content_base64sha512 = (known after apply)
      [32m+[0m[0m content_md5          = (known after apply)
      [32m+[0m[0m content_sha1         = (known after apply)
      [32m+[0m[0m content_sha256       = (known after apply)
      [32m+[0m[0m content_sha512       = (known after apply)
      [32m+[0m[0m directory_permission = "0777"
      [32m+[0m[0m file_permission      = "0777"
      [32m+[0m[0m filename             = "./out/pet-2.txt"
      [32m+[0m[0m id                   = (known after apply)
    }

[1m  # local_file.out[3][0m will be created
[0m  [32m+[0m[0m resource "local_file" "out" {
      [32m+[0m[0m content              = (known after apply)
      [32m+[0m[0m content_base64sha256 = (known after apply)
      [32m+[0m[0m content_base64sha512 = (known after apply)
      [32m+[0m[0m content_md5          = (known after apply)
      [32m+[0m[0m content_sha1         = (known after apply)
      [32m+[0m[0m content_sha256       = (known after apply)
      [32m+[0m[0m content_sha512       = (known after apply)
      [32m+[0m[0m directory_permission = "0777"
      [32m+[0m[0m file_permission      = "0777"
      [32m+[0m[0m filename             = "./out/pet-3.txt"
      [32m+[0m[0m id                   = (known after apply)
    }

[1m  # local_file.out[4][0m will be created
[0m  [32m+[0m[0m resource "local_file" "out" {
      [32m+[0m[0m content              = (known after apply)
      [32m+[0m[0m content_base64sha256 = (known after apply)
      [32m+[0m[0m content_base64sha512 = (known after apply)
      [32m+[0m[0m content_md5          = (known after apply)
      [32m+[0m[0m content_sha1         = (known after apply)
      [32m+[0m[0m content_sha256       = (known after apply)
      [32m+[0m[0m content_sha512       = (known after apply)
      [32m+[0m[0m directory_permission = "0777"
      [32m+[0m[0m file_permission      = "0777"
      [32m+[0m[0m filename             = "./out/pet-4.txt"
      [32m+[0m[0m id                   = (known after apply)
    }

[1m  # local_file.out[5][0m will be created
[0m  [32m+[0m[0m resource "local_file" "out" {
      [32m+[0m[0m content              = (known after apply)
      [32m+[0m[0m content_base64sha256 = (known after apply)
      [32m+[0m[0m content_base64sha512 = (known after apply)
      [32m+[0m[0m content_md5          = (known after apply)
      [32m+[0m[0m content_sha1         = (known after apply)
      [32m+[0m[0m content_sha256       = (known after apply)
      [32m+[0m[0m content_sha512       = (known after apply)
      [32m+[0m[0m directory_permission = "0777"
      [32m+[0m[0m file_permission      = "0777"
      [32m+[0m[0m filename             = "./out/pet-5.txt"
      [32m+[0m[0m id                   = (known after apply)
    }

[1m  # local_file.out[6][0m will be created
[0m  [32m+[0m[0m resource "local_file" "out" {
      [32m+[0m[0m content              = (known after apply)
      [32m+[0m[0m content_base64sha256 = (known after apply)
      [32m+[0m[0m content_base64sha512 = (known after apply)
      [32m+[0m[0m content_md5          = (known after apply)
      [32m+[0m[0m content_sha1         = (known after apply)
      [32m+[0m[0m content_sha256       = (known after apply)
      [32m+[0m[0m content_sha512       = (known after apply)
      [32m+[0m[0m directory_permission = "0777"
      [32m+[0m[0m file_permission      = "0777"
      [32m+[0m[0m filename             = "./out/pet-6.txt"
      [32m+[0m[0m id                   = (known after apply)
    }

[1m  # local_file.out[7][0m will be created
[0m  [32m+[0m[0m resource "local_file" "out" {
      [32m+[0m[0m content              = (known after apply)
      [32m+[0m[0m content_base64sha256 = (known after apply)
      [32m+[0m[0m content_base64sha512 = (known after apply)
      [32m+[0m[0m content_md5          = (known after apply)
      [32m+[0m[0m content_sha1         = (known after apply)
      [32m+[0m[0m content_sha256       = (known after apply)
      [32m+[0m[0m content_sha512       = (known after apply)
      [32m+[0m[0m directory_permission = "0777"
      [32m+[0m[0m file_permission      = "0777"
      [32m+[0m[0m filename             = "./out/pet-7.txt"
      [32m+[0m[0m id                   = (known after apply)
    }

[1m  # local_file.out[8][0m will be created
[0m  [32m+[0m[0m resource "local_file" "out" {
      [32m+[0m[0m content              = (known after apply)
      [32m+[0m[0m content_base64sha256 = (known after apply)
      [32m+[0m[0m content_base64sha512 = (known after apply)
      [32m+[0m[0m content_md5          = (known after apply)
      [32m+[0m[0m content_sha1         = (known after apply)
      [32m+[0m[0m content_sha256       = (known after apply)
      [32m+[0m[0m content_sha512       = (known after apply)
      [32m+[0m[0m directory_permission = "0777"
      [32m+[0m[0m file_permission      = "0777"
      [32m+[0m[0m filename             = "./out/pet-8.txt"
      [32m+[0m[0m id                   = (known after apply)
    }

[1m  # local_file.out[9][0m will be created
[0m  [32m+[0m[0m resource "local_file" "out" {
      [32m+[0m[0m content              = (known after apply)
      [32m+[0m[0m content_base64sha256 = (known after apply)
      [32m+[0m[0m content_base64sha512 = (known after apply)
      [32m+[0m[0m content_md5          = (known after apply)
      [32m+[0m[0m content_sha1         = (known after apply)
      [32m+[0m[0m content_sha256       = (known after apply)
      [32m+[0m[0m content_sha512       = (known after apply)
      [32m+[0m[0m directory_permission = "0777"
      [32m+[0m[0m file_permission      = "0777"
      [32m+[0m[0m filename             = "./out/pet-9.txt"
      [32m+[0m[0m id                   = (known after apply)
    }

[1m  # local_file.out[10][0m will be created
[0m  [32m+[0m[0m resource "local_file" "out" {
      [32m+[0m[0m content              = (known after apply)
      [32m+[0m[0m content_base64sha256 = (known after apply)
      [32m+[0m[0m content_base64sha512 = (known after apply)
      [32m+[0m[0m content_md5          = (known after apply)
      [32m+[0m[0m content_sha1         = (known after apply)
      [32m+[0m[0m content_sha256       = (known after apply)
      [32m+[0m[0m content_sha512       = (known after apply)
      [32m+[0m[0m directory_permission = "0777"
      [32m+[0m[0m file_permission      = "0777"
      [32m+[0m[0m filename             = "./out/pet-10.txt"
      [32m+[0m[0m id                   = (known after apply)
    }

[1m  # local_file.out[11][0m will be created
[0m  [32m+[0m[0m resource "local_file" "out" {
      [32m+[0m[0m content              = (known after apply)
      [32m+[0m[0m content_base64sha256 = (known after apply)
      [32m+[0m[0m content_base64sha512 = (known after apply)
      [32m+[0m[0m content_md5          = (known after apply)
      [32m+[0m[0m content_sha1         = (known after apply)
      [32m+[0m[0m content_sha256       = (known after apply)
      [32m+[0m[0m content_sha512       = (known after apply)
      [32m+[0m[0m directory_permission = "0777"
      [32m+[0m[0m file_permission      = "0777"
      [32m+[0m[0m filename             = "./out/pet-11.txt"
      [32m+[0m[0m id                   = (known after apply)
    }

[1m  # local_file.out[12][0m will be created
[0m  [32m+[0m[0m resource "local_file" "out" {
      [32m+[0m[0m content              = (known after apply)
      [32m+[0m[0m content_base64sha256 = (known after apply)
      [32m+[0m[0m content_base64sha512 = (known after apply)
      [32m+[0m[0m content_md5          = (known after apply)
      [32m+[0m[0m content_sha1         = (known after apply)
      [32m+[0m[0m content_sha256       = (known after apply)
      [32m+[0m[0m content_sha512       = (known after apply)
      [32m+[0m[0m directory_permission = "0777"
      [32m+[0m[0m file_permission      = "0777"
      [32m+[0m[0m filename             = "./out/pet-12.txt"
      [32m+[0m[0m id                   = (known after apply)
    }

[1m  # local_file.out[13][0m will be created
[0m  [32m+[0m[0m resource "local_file" "out" {
      [32m+[0m[0m content              = (known after apply)
      [32m+[0m[0m content_base64sha256 = (known after apply)
      [32m+[0m[0m content_base64sha512 = (known after apply)
      [32m+[0m[0m content_md5          = (known after apply)
      [32m+[0m[0m content_sha1         = (known after apply)
      [32m+[0m[0m content_sha256       = (known after apply)
      [32m+[0m[0m content_sha512       = (known after apply)
      [32m+[0m[0m directory_permission = "0777"
      [32m+[0m[0m file_permission      = "0777"
      [32m+[0m[0m filename             = "./out/pet-13.txt"
      [32m+[0m[0m id                   = (known after apply)
    }

[1m  # local_file.out[14][0m will be created
[0m  [32m+[0m[0m resource "local_file" "out" {
      [32m+[0m[0m content              = (known after apply)
      [32m+[0m[0m content_base64sha256 = (known after apply)
      [32m+[0m[0m content_base64sha512 = (known after apply)
      [32m+[0m[0m content_md5          = (known after apply)
      [32m+[0m[0m content_sha1         = (known after apply)
      [32m+[0m[0m content_sha256       = (known after apply)
      [32m+[0m[0m content_sha512       = (known after apply)
      [32m+[0m[0m directory_permission = "0777"
      [32m+[0m[0m file_permission      = "0777"
      [32m+[0m[0m filename             = "./out/pet-14.txt"
      [32m+[0m[0m id                   = (known after apply)
    }

[1m  # local_file.out[15][0m will be created
[0m  [32m+[0m[0m resource "local_file" "out" {
      [32m+[0m[0m content              = (known after apply)
      [32m+[0m[0m content_base64sha256 = (known after apply)
      [32m+[0m[0m content_base64sha512 = (known after apply)
      [32m+[0m[0m content_md5          = (known after apply)
      [32m+[0m[0m content_sha1         = (known after apply)
      [32m+[0m[0m content_sha256       = (known after apply)
      [32m+[0m[0m content_sha512       = (known after apply)
      [32m+[0m[0m directory_permission = "0777"
      [32m+[0m[0m file_permission      = "0777"
      [32m+[0m[0m filename             = "./out/pet-15.txt"
      [32m+[0m[0m id                   = (known after apply)
    }

[1m  # local_file.out[16][0m will be created
[0m  [32m+[0m[0m resource "local_file" "out" {
      [32m+[0m[0m content              = (known after apply)
      [32m+[0m[0m content_base64sha256 = (known after apply)
      [32m+[0m[0m content_base64sha512 = (known after apply)
      [32m+[0m[0m content_md5          = (known after apply)
      [32m+[0m[0m content_sha1         = (known after apply)
      [32m+[0m[0m content_sha256       = (known after apply)
      [32m+[0m[0m content_sha512       = (known after apply)
      [32m+[0m[0m directory_permission = "0777"
      [32m+[0m[0m file_permission      = "0777"
      [32m+[0m[0m filename             = "./out/pet-16.txt"
      [32m+[0m[0m id                   = (known after apply)
    }

[1m  # local_file.out[17][0m will be created
[0m  [32m+[0m[0m resource "local_file" "out" {
      [32m+[0m[0m content              = (known after apply)
      [32m+[0m[0m content_base64sha256 = (known after apply)
      [32m+[0m[0m content_base64sha512 = (known after apply)
      [32m+[0m[0m content_md5          = (known after apply)
      [32m+[0m[0m content_sha1         = (known after apply)
      [32m+[0m[0m content_sha256       = (known after apply)
      [32m+[0m[0m content_sha512       = (known after apply)
      [32m+[0m[0m directory_permission = "0777"
      [32m+[0m[0m file_permission      = "0777"
      [32m+[0m[0m filename             = "./out/pet-17.txt"
      [32m+[0m[0m id                   = (known after apply)
    }

[1m  # local_file.out[18][0m will be created
[0m  [32m+[0m[0m resource "local_file" "out" {
      [32m+[0m[0m content              = (known after apply)
      [32m+[0m[0m content_base64sha256 = (known after apply)
      [32m+[0m[0m content_base64sha512 = (known after apply)
      [32m+[0m[0m content_md5          = (known after apply)
      [32m+[0m[0m content_sha1         = (known after apply)
      [32m+[0m[0m content_sha256       = (known after apply)
      [32m+[0m[0m content_sha512       = (known after apply)
      [32m+[0m[0m directory_permission = "0777"
      [32m+[0m[0m file_permission      = "0777"
      [32m+[0m[0m filename             = "./out/pet-18.txt"
      [32m+[0m[0m id                   = (known after apply)
    }

[1m  # local_file.out[19][0m will be created
[0m  [32m+[0m[0m resource "local_file" "out" {
      [32m+[0m[0m content              = (known after apply)
      [32m+[0m[0m content_base64sha256 = (known after apply)
      [32m+[0m[0m content_base64sha512 = (known after apply)
      [32m+[0m[0m content_md5          = (known after apply)
      [32m+[0m[0m content_sha1         = (known after apply)
      [32m+[0m[0m content_sha256       = (known after apply)
      [32m+[0m[0m content_sha512       = (known after apply)
      [32m+[0m[0m directory_permission = "0777"
      [32m+[0m[0m file_permission      = "0777"
      [32m+[0m[0m filename             = "./out/pet-19.txt"
      [32m+[0m[0m id                   = (known after apply)
    }

[1m  # local_file.out[20][0m will be created
[0m  [32m+[0m[0m resource "local_file" "out" {
      [32m+[0m[0m content              = (known after apply)
      [32m+[0m[0m content_base64sha256 = (known after apply)
      [32m+[0m[0m content_base64sha512 = (known after apply)
      [32m+[0m[0m content_md5          = (known after apply)
      [32m+[0m[0m content_sha1         = (known after apply)
      [32m+[0m[0m content_sha256       = (known after apply)
      [32m+[0m[0m content_sha512       = (known after apply)
      [32m+[0m[0m directory_permission = "0777"
      [32m+[0m[0m file_permission      = "0777"
      [32m+[0m[0m filename             = "./out/pet-20.txt"
      [32m+[0m[0m id                   = (known after apply)
    }

[1m  # local_file.out[21][0m will be created
[0m  [32m+[0m[0m resource "local_file" "out" {
      [32m+[0m[0m content              = (known after apply)
      [32m+[0m[0m content_base64sha256 = (known after apply)
      [32m+[0m[0m content_base64sha512 = (known after apply)
      [32m+[0m[0m content_md5          = (known after apply)
      [32m+[0m[0m content_sha1         = (known after apply)
      [32m+[0m[0m content_sha256       = (known after apply)
      [32m+[0m[0m content_sha512       = (known after apply)
      [32m+[0m[0m directory_permission = "0777"
      [32m+[0m[0m file_permission      = "0777"
      [32m+[0m[0m filename             = "./out/pet-21.txt"
      [32m+[0m[0m id                   = (known after apply)
    }

[1m  # local_file.out[22][0m will be created
[0m  [32m+[0m[0m resource "local_file" "out" {
      [32m+[0m[0m content              = (known after apply)
      [32m+[0m[0m content_base64sha256 = (known after apply)
      [32m+[0m[0m content_base64sha512 = (known after apply)
      [32m+[0m[0m content_md5          = (known after apply)
      [32m+[0m[0m content_sha1         = (known after apply)
      [32m+[0m[0m content_sha256       = (known after apply)
      [32m+[0m[0m content_sha512       = (known after apply)
      [32m+[0m[0m directory_permission = "0777"
      [32m+[0m[0m file_permission      = "0777"
      [32m+[0m[0m filename             = "./out/pet-22.txt"
      [32m+[0m[0m id                   = (known after apply)
    }

[1m  # local_file.out[23][0m will be created
[0m  [32m+[0m[0m resource "local_file" "out" {
      [32m+[0m[0m content              = (known after apply)
      [32m+[0m[0m content_base64sha256 = (known after apply)
      [32m+[0m[0m content_base64sha512 = (known after apply)
      [32m+[0m[0m content_md5          = (known after apply)
      [32m+[0m[0m content_sha1         = (known after apply)
      [32m+[0m[0m content_sha256       = (known after apply)
      [32m+[0m[0m content_sha512       = (known after apply)
      [32m+[0m[0m directory_permission = "0777"
      [32m+[0m[0m file_permission      = "0777"
      [32m+[0m[0m filename             = "./out/pet-23.txt"
      [32m+[0m[0m id                   = (known after apply)
    }

[1m  # local_file.out[24][0m will be created
[0m  [32m+[0m[0m resource "local_file" "out" {
      [32m+[0m[0m content              = (known after apply)
      [32m+[0m[0m content_base64sha256 = (known after apply)
      [32m+[0m[0m content_base64sha512 = (known after apply)
      [32m+[0m[0m content_md5          = (known after apply)
      [32m+[0m[0m content_sha1         = (known after apply)
      [32m+[0m[0m content_sha256       = (known after apply)
      [32m+[0m[0m content_sha512       = (known after apply)
      [32m+[0m[0m directory_permission = "0777"
      [32m+[0m[0m file_permission      = "0777"
      [32m+[0m[0m filename             = "./out/pet-24.txt"
      [32m+[0m[0m id                   = (known after apply)
    }

[1m  # null_resource.n[0][0m will be created
[0m  [32m+[0m[0m resource "null_resource" "n" {
      [32m+[0m[0m id       = (known after apply)
      [32m+[0m[0m triggers = {
          [32m+[0m[0m "answer" = "42"
        }
    }

[1m  # null_resource.n[1][0m will be created
[0m  [32m+[0m[0m resource "null_resource" "n" {
      [32m+[0m[0m id       = (known after apply)
      [32m+[0m[0m triggers = {
          [32m+[0m[0m "answer" = "42"
        }
    }

[1m  # null_resource.n[2][0m will be created
[0m  [32m+[0m[0m resource "null_resource" "n" {
      [32m+[0m[0m id       = (known after apply)
      [32m+[0m[0m triggers = {
          [32m+[0m[0m "answer" = "42"
        }
    }

[1m  # null_resource.n[3][0m will be created
[0m  [32m+[0m[0m resource "null_resource" "n" {
      [32m+[0m[0m id       = (known after apply)
      [32m+[0m[0m triggers = {
          [32m+[0m[0m "answer" = "42"
        }
    }

[1m  # null_resource.n[4][0m will be created
[0m  [32m+[0m[0m resource "null_resource" "n" {
      [32m+[0m[0m id       = (known after apply)
      [32m+[0m[0m triggers = {
          [32m+[0m[0m "answer" = "42"
        }
    }

[1m  # random_id.id[0][0m will be created
[0m  [32m+[0m[0m resource "random_id" "id" {
      [32m+[0m[0m b64_std     = (known after apply)
      [32m+[0m[0m b64_url     = (known after apply)
      [32m+[0m[0m byte_length = 4
      [32m+[0m[0m dec         = (known after apply)
      [32m+[0m[0m hex         = (known after apply)
      [32m+[0m[0m id          = (known after apply)
    }

[1m  # random_id.id[1][0m will be created
[0m  [32m+[0m[0m resource "random_id" "id" {
      [32m+[0m[0m b64_std     = (known after apply)
      [32m+[0m[0m b64_url     = (known after apply)
      [32m+[0m[0m byte_length = 4
      [32m+[0m[0m dec         = (known after apply)
      [32m+[0m[0m hex         = (known after apply)
      [32m+[0m[0m id          = (known after apply)
    }

[1m  # random_id.id[2][0m will be created
[0m  [32m+[0m[0m resource "random_id" "id" {
      [32m+[0m[0m b64_std     = (known after apply)
      [32m+[0m[0m b64_url     = (known after apply)
      [32m+[0m[0m byte_length = 4
      [32m+[0m[0m dec         = (known after apply)
      [32m+[0m[0m hex         = (known after apply)
      [32m+[0m[0m id          = (known after apply)
    }

[1m  # random_id.id[3][0m will be created
[0m  [32m+[0m[0m resource "random_id" "id" {
      [32m+[0m[0m b64_std     = (known after apply)
      [32m+[0m[0m b64_url     = (known after apply)
      [32m+[0m[0m byte_length = 4
      [32m+[0m[0m dec         = (known after apply)
      [32m+[0m[0m hex         = (known after apply)
      [32m+[0m[0m id          = (known after apply)
    }

[1m  # random_id.id[4][0m will be created
[0m  [32m+[0m[0m resource "random_id" "id" {
      [32m+[0m[0m b64_std     = (known after apply)
      [32m+[0m[0m b64_url     = (known after apply)
      [32m+[0m[0m byte_length = 4
      [32m+[0m[0m dec         = (known after apply)
      [32m+[0m[0m hex         = (known after apply)
      [32m+[0m[0m id          = (known after apply)
    }

[1m  # random_id.id[5][0m will be created
[0m  [32m+[0m[0m resource "random_id" "id" {
      [32m+[0m[0m b64_std     = (known after apply)
      [32m+[0m[0m b64_url     = (known after apply)
      [32m+[0m[0m byte_length = 4
      [32m+[0m[0m dec         = (known after apply)
      [32m+[0m[0m hex         = (known after apply)
      [32m+[0m[0m id          = (known after apply)
    }

[1m  # random_id.id[6][0m will be created
[0m  [32m+[0m[0m resource "random_id" "id" {
      [32m+[0m[0m b64_std     = (known after apply)
      [32m+[0m[0m b64_url     = (known after apply)
      [32m+[0m[0m byte_length = 4
      [32m+[0m[0m dec         = (known after apply)
      [32m+[0m[0m hex         = (known after apply)
      [32m+[0m[0m id          = (known after apply)
    }

[1m  # random_id.id[7][0m will be created
[0m  [32m+[0m[0m resource "random_id" "id" {
      [32m+[0m[0m b64_std     = (known after apply)
      [32m+[0m[0m b64_url     = (known after apply)
      [32m+[0m[0m byte_length = 4
      [32m+[0m[0m dec         = (known after apply)
      [32m+[0m[0m hex         = (known after apply)
      [32m+[0m[0m id          = (known after apply)
    }

[1m  # random_id.id[8][0m will be created
[0m  [32m+[0m[0m resource "random_id" "id" {
      [32m+[0m[0m b64_std     = (known after apply)
      [32m+[0m[0m b64_url     = (known after apply)
      [32m+[0m[0m byte_length = 4
      [32m+[0m[0m dec         = (known after apply)
      [32m+[0m[0m hex         = (known after apply)
      [32m+[0m[0m id          = (known after apply)
    }

[1m  # random_id.id[9][0m will be created
[0m  [32m+[0m[0m resource "random_id" "id" {
      [32m+[0m[0m b64_std     = (known after apply)
      [32m+[0m[0m b64_url     = (known after apply)
      [32m+[0m[0m byte_length = 4
      [32m+[0m[0m dec         = (known after apply)
      [32m+[0m[0m hex         = (known after apply)
      [32m+[0m[0m id          = (known after apply)
    }

[1m  # random_pet.pet[0][0m will be created
[0m  [32m+[0m[0m resource "random_pet" "pet" {
      [32m+[0m[0m id        = (known after apply)
      [32m+[0m[0m keepers   = {
          [32m+[0m[0m "env" = "dev"
          [32m+[0m[0m "idx" = "0"
        }
      [32m+[0m[0m length    = 2
      [32m+[0m[0m separator = "-"
    }

[1m  # random_pet.pet[1][0m will be created
[0m  [32m+[0m[0m resource "random_pet" "pet" {
      [32m+[0m[0m id        = (known after apply)
      [32m+[0m[0m keepers   = {
          [32m+[0m[0m "env" = "dev"
          [32m+[0m[0m "idx" = "1"
        }
      [32m+[0m[0m length    = 2
      [32m+[0m[0m separator = "-"
    }

[1m  # random_pet.pet[2][0m will be created
[0m  [32m+[0m[0m resource "random_pet" "pet" {
      [32m+[0m[0m id        = (known after apply)
      [32m+[0m[0m keepers   = {
          [32m+[0m[0m "env" = "dev"
          [32m+[0m[0m "idx" = "2"
        }
      [32m+[0m[0m length    = 2
      [32m+[0m[0m separator = "-"
    }

[1m  # random_pet.pet[3][0m will be created
[0m  [32m+[0m[0m resource "random_pet" "pet" {
      [32m+[0m[0m id        = (known after apply)
      [32m+[0m[0m keepers   = {
          [32m+[0m[0m "env" = "dev"
          [32m+[0m[0m "idx" = "3"
        }
      [32m+[0m[0m length    = 2
      [32m+[0m[0m separator = "-"
    }

[1m  # random_pet.pet[4][0m will be created
[0m  [32m+[0m[0m resource "random_pet" "pet" {
      [32m+[0m[0m id        = (known after apply)
      [32m+[0m[0m keepers   = {
          [32m+[0m[0m "env" = "dev"
          [32m+[0m[0m "idx" = "4"
        }
      [32m+[0m[0m length    = 2
      [32m+[0m[0m separator = "-"
    }

[1m  # random_pet.pet[5][0m will be created
[0m  [32m+[0m[0m resource "random_pet" "pet" {
      [32m+[0m[0m id        = (known after apply)
      [32m+[0m[0m keepers   = {
          [32m+[0m[0m "env" = "dev"
          [32m+[0m[0m "idx" = "5"
        }
      [32m+[0m[0m length    = 2
      [32m+[0m[0m separator = "-"
    }

[1m  # random_pet.pet[6][0m will be created
[0m  [32m+[0m[0m resource "random_pet" "pet" {
      [32m+[0m[0m id        = (known after apply)
      [32m+[0m[0m keepers   = {
          [32m+[0m[0m "env" = "dev"
          [32m+[0m[0m "idx" = "6"
        }
      [32m+[0m[0m length    = 2
      [32m+[0m[0m separator = "-"
    }

[1m  # random_pet.pet[7][0m will be created
[0m  [32m+[0m[0m resource "random_pet" "pet" {
      [32m+[0m[0m id        = (known after apply)
      [32m+[0m[0m keepers   = {
          [32m+[0m[0m "env" = "dev"
          [32m+[0m[0m "idx" = "7"
        }
      [32m+[0m[0m length    = 2
      [32m+[0m[0m separator = "-"
    }

[1m  # random_pet.pet[8][0m will be created
[0m  [32m+[0m[0m resource "random_pet" "pet" {
      [32m+[0m[0m id        = (known after apply)
      [32m+[0m[0m keepers   = {
          [32m+[0m[0m "env" = "dev"
          [32m+[0m[0m "idx" = "8"
        }
      [32m+[0m[0m length    = 2
      [32m+[0m[0m separator = "-"
    }

[1m  # random_pet.pet[9][0m will be created
[0m  [32m+[0m[0m resource "random_pet" "pet" {
      [32m+[0m[0m id        = (known after apply)
      [32m+[0m[0m keepers   = {
          [32m+[0m[0m "env" = "dev"
          [32m+[0m[0m "idx" = "9"
        }
      [32m+[0m[0m length    = 2
      [32m+[0m[0m separator = "-"
    }

[1m  # random_pet.pet[10][0m will be created
[0m  [32m+[0m[0m resource "random_pet" "pet" {
      [32m+[0m[0m id        = (known after apply)
      [32m+[0m[0m keepers   = {
          [32m+[0m[0m "env" = "dev"
          [32m+[0m[0m "idx" = "10"
        }
      [32m+[0m[0m length    = 2
      [32m+[0m[0m separator = "-"
    }

[1m  # random_pet.pet[11][0m will be created
[0m  [32m+[0m[0m resource "random_pet" "pet" {
      [32m+[0m[0m id        = (known after apply)
      [32m+[0m[0m keepers   = {
          [32m+[0m[0m "env" = "dev"
          [32m+[0m[0m "idx" = "11"
        }
      [32m+[0m[0m length    = 2
      [32m+[0m[0m separator = "-"
    }

[1m  # random_pet.pet[12][0m will be created
[0m  [32m+[0m[0m resource "random_pet" "pet" {
      [32m+[0m[0m id        = (known after apply)
      [32m+[0m[0m keepers   = {
          [32m+[0m[0m "env" = "dev"
          [32m+[0m[0m "idx" = "12"
        }
      [32m+[0m[0m length    = 2
      [32m+[0m[0m separator = "-"
    }

[1m  # random_pet.pet[13][0m will be created
[0m  [32m+[0m[0m resource "random_pet" "pet" {
      [32m+[0m[0m id        = (known after apply)
      [32m+[0m[0m keepers   = {
          [32m+[0m[0m "env" = "dev"
          [32m+[0m[0m "idx" = "13"
        }
      [32m+[0m[0m length    = 2
      [32m+[0m[0m separator = "-"
    }

[1m  # random_pet.pet[14][0m will be created
[0m  [32m+[0m[0m resource "random_pet" "pet" {
      [32m+[0m[0m id        = (known after apply)
      [32m+[0m[0m keepers   = {
          [32m+[0m[0m "env" = "dev"
          [32m+[0m[0m "idx" = "14"
        }
      [32m+[0m[0m length    = 2
      [32m+[0m[0m separator = "-"
    }

[1m  # random_pet.pet[15][0m will be created
[0m  [32m+[0m[0m resource "random_pet" "pet" {
      [32m+[0m[0m id        = (known after apply)
      [32m+[0m[0m keepers   = {
          [32m+[0m[0m "env" = "dev"
          [32m+[0m[0m "idx" = "15"
        }
      [32m+[0m[0m length    = 2
      [32m+[0m[0m separator = "-"
    }

[1m  # random_pet.pet[16][0m will be created
[0m  [32m+[0m[0m resource "random_pet" "pet" {
      [32m+[0m[0m id        = (known after apply)
      [32m+[0m[0m keepers   = {
          [32m+[0m[0m "env" = "dev"
          [32m+[0m[0m "idx" = "16"
        }
      [32m+[0m[0m length    = 2
      [32m+[0m[0m separator = "-"
    }

[1m  # random_pet.pet[17][0m will be created
[0m  [32m+[0m[0m resource "random_pet" "pet" {
      [32m+[0m[0m id        = (known after apply)
      [32m+[0m[0m keepers   = {
          [32m+[0m[0m "env" = "dev"
          [32m+[0m[0m "idx" = "17"
        }
      [32m+[0m[0m length    = 2
      [32m+[0m[0m separator = "-"
    }

[1m  # random_pet.pet[18][0m will be created
[0m  [32m+[0m[0m resource "random_pet" "pet" {
      [32m+[0m[0m id        = (known after apply)
      [32m+[0m[0m keepers   = {
          [32m+[0m[0m "env" = "dev"
          [32m+[0m[0m "idx" = "18"
        }
      [32m+[0m[0m length    = 2
      [32m+[0m[0m separator = "-"
    }

[1m  # random_pet.pet[19][0m will be created
[0m  [32m+[0m[0m resource "random_pet" "pet" {
      [32m+[0m[0m id        = (known after apply)
      [32m+[0m[0m keepers   = {
          [32m+[0m[0m "env" = "dev"
          [32m+[0m[0m "idx" = "19"
        }
      [32m+[0m[0m length    = 2
      [32m+[0m[0m separator = "-"
    }

[1m  # random_pet.pet[20][0m will be created
[0m  [32m+[0m[0m resource "random_pet" "pet" {
      [32m+[0m[0m id        = (known after apply)
      [32m+[0m[0m keepers   = {
          [32m+[0m[0m "env" = "dev"
          [32m+[0m[0m "idx" = "20"
        }
      [32m+[0m[0m length    = 2
      [32m+[0m[0m separator = "-"
    }

[1m  # random_pet.pet[21][0m will be created
[0m  [32m+[0m[0m resource "random_pet" "pet" {
      [32m+[0m[0m id        = (known after apply)
      [32m+[0m[0m keepers   = {
          [32m+[0m[0m "env" = "dev"
          [32m+[0m[0m "idx" = "21"
        }
      [32m+[0m[0m length    = 2
      [32m+[0m[0m separator = "-"
    }

[1m  # random_pet.pet[22][0m will be created
[0m  [32m+[0m[0m resource "random_pet" "pet" {
      [32m+[0m[0m id        = (known after apply)
      [32m+[0m[0m keepers   = {
          [32m+[0m[0m "env" = "dev"
          [32m+[0m[0m "idx" = "22"
        }
      [32m+[0m[0m length    = 2
      [32m+[0m[0m separator = "-"
    }

[1m  # random_pet.pet[23][0m will be created
[0m  [32m+[0m[0m resource "random_pet" "pet" {
      [32m+[0m[0m id        = (known after apply)
      [32m+[0m[0m keepers   = {
          [32m+[0m[0m "env" = "dev"
          [32m+[0m[0m "idx" = "23"
        }
      [32m+[0m[0m length    = 2
      [32m+[0m[0m separator = "-"
    }

[1m  # random_pet.pet[24][0m will be created
[0m  [32m+[0m[0m resource "random_pet" "pet" {
      [32m+[0m[0m id        = (known after apply)
      [32m+[0m[0m keepers   = {
          [32m+[0m[0m "env" = "dev"
          [32m+[0m[0m "idx" = "24"
        }
      [32m+[0m[0m length    = 2
      [32m+[0m[0m separator = "-"
    }

[1m  # time_static.t[0m will be created
[0m  [32m+[0m[0m resource "time_static" "t" {
      [32m+[0m[0m day     = (known after apply)
      [32m+[0m[0m hour    = (known after apply)
      [32m+[0m[0m id      = (known after apply)
      [32m+[0m[0m minute  = (known after apply)
      [32m+[0m[0m month   = (known after apply)
      [32m+[0m[0m rfc3339 = (known after apply)
      [32m+[0m[0m second  = (known after apply)
      [32m+[0m[0m unix    = (known after apply)
      [32m+[0m[0m year    = (known after apply)
    }

[1mPlan:[0m [0m66 to add, 0 to change, 0 to destroy.
[0m[1mrandom_pet.pet[16]: Creating...[0m[0m
[0m[1mrandom_pet.pet[18]: Creating...[0m[0m
[0m[1mrandom_id.id[8]: Creating...[0m[0m
[0m[1mrandom_id.id[3]: Creating...[0m[0m
[0m[1mrandom_id.id[8]: Creation complete after 0s [id=laxtaA][0m
[0m[1mrandom_id.id[1]: Creating...[0m[0m
[0m[1mrandom_id.id[4]: Creating...[0m[0m
[0m[1mrandom_pet.pet[9]: Creating...[0m[0m
[0m[1mrandom_pet.pet[8]: Creating...[0m[0m
[0m[1mrandom_id.id[7]: Creating...[0m[0m
[0m[1mrandom_pet.pet[4]: Creating...[0m[0m
[0m[1mrandom_pet.pet[16]: Creation complete after 0s [id=large-osprey][0m
[0m[1mrandom_pet.pet[9]: Creation complete after 0s [id=prompt-shepherd][0m
[0m[1mrandom_id.id[3]: Creation complete after 0s [id=RM3hug][0m
[0m[1mrandom_pet.pet[0]: Creating...[0m[0m
[0m[1mrandom_id.id[4]: Creation complete after 0s [id=sdeG5Q][0m
[0m[1mrandom_id.id[1]: Creation complete after 0s [id=bTi7GA][0m
[0m[1mrandom_pet.pet[8]: Creation complete after 0s [id=finer-longhorn][0m
[0m[1mrandom_pet.pet[18]: Creation complete after 0s [id=glad-bonefish][0m
[0m[1mrandom_id.id[7]: Creation complete after 0s [id=DtmScg][0m
[0m[1mrandom_pet.pet[4]: Creation complete after 0s [id=guided-poodle][0m
[0m[1mrandom_pet.pet[17]: Creating...[0m[0m
[0m[1mrandom_pet.pet[0]: Creation complete after 0s [id=topical-grubworm][0m
[0m[1mrandom_pet.pet[21]: Creating...[0m[0m
[0m[1mrandom_id.id[0]: Creating...[0m[0m
[0m[1mrandom_pet.pet[24]: Creating...[0m[0m
[0m[1mrandom_id.id[6]: Creating...[0m[0m
[0m[1mrandom_pet.pet[11]: Creating...[0m[0m
[0m[1mrandom_id.id[9]: Creating...[0m[0m
[0m[1mrandom_pet.pet[17]: Creation complete after 0s [id=composed-monkey][0m
[0m[1mrandom_pet.pet[7]: Creating...[0m[0m
[0m[1mrandom_pet.pet[24]: Creation complete after 0s [id=destined-dove][0m
[0m[1mrandom_pet.pet[21]: Creation complete after 0s [id=endless-manatee][0m
[0m[1mrandom_id.id[9]: Creation complete after 0s [id=AQ6Fnw][0m
[0m[1mrandom_pet.pet[11]: Creation complete after 0s [id=valued-kangaroo][0m
[0m[1mrandom_id.id[6]: Creation complete after 0s [id=flz2jQ][0m
[0m[1mrandom_id.id[0]: Creation complete after 0s [id=r5vWyw][0m
[0m[1mrandom_pet.pet[12]: Creating...[0m[0m
[0m[1mrandom_pet.pet[15]: Creating...[0m[0m
[0m[1mrandom_id.id[2]: Creating...[0m[0m
[0m[1mrandom_pet.pet[7]: Creation complete after 0s [id=major-bat][0m
[0m[1mrandom_id.id[5]: Creating...[0m[0m
[0m[1mrandom_pet.pet[2]: Creating...[0m[0m
[0m[1mrandom_pet.pet[13]: Creating...[0m[0m
[0m[1mrandom_pet.pet[3]: Creating...[0m[0m
[0m[1mrandom_pet.pet[23]: Creating...[0m[0m
[0m[1mrandom_pet.pet[12]: Creation complete after 0s [id=guided-foxhound][0m
[0m[1mrandom_pet.pet[15]: Creation complete after 0s [id=discrete-newt][0m
[0m[1mrandom_id.id[2]: Creation complete after 0s [id=NREJog][0m
[0m[1mrandom_id.id[5]: Creation complete after 0s [id=0CyNFQ][0m
[0m[1mrandom_pet.pet[2]: Creation complete after 0s [id=trusting-eagle][0m
[0m[1mrandom_pet.pet[13]: Creation complete after 0s [id=included-sailfish][0m
[0m[1mrandom_pet.pet[5]: Creating...[0m[0m
[0m[1mrandom_pet.pet[10]: Creating...[0m[0m
[0m[1mrandom_pet.pet[22]: Creating...[0m[0m
[0m[1mrandom_pet.pet[14]: Creating...[0m[0m
[0m[1mrandom_pet.pet[6]: Creating...[0m[0m
[0m[1mrandom_pet.pet[19]: Creating...[0m[0m
[0m[1mrandom_pet.pet[3]: Creation complete after 0s [id=decent-tahr][0m
[0m[1mrandom_pet.pet[20]: Creating...[0m[0m
[0m[1mrandom_pet.pet[10]: Creation complete after 0s [id=humorous-cub][0m
[0m[1mrandom_pet.pet[6]: Creation complete after 0s [id=in-raptor][0m
[0m[1mrandom_pet.pet[14]: Creation complete after 0s [id=magnetic-ghoul][0m
[0m[1mrandom_pet.pet[19]: Creation complete after 0s [id=novel-kodiak][0m
[0m[1mrandom_pet.pet[23]: Creation complete after 0s [id=supreme-urchin][0m
[0m[1mrandom_pet.pet[5]: Creation complete after 0s [id=guided-colt][0m
[0m[1mrandom_pet.pet[22]: Creation complete after 0s [id=living-crayfish][0m
[0m[1mrandom_pet.pet[1]: Creating...[0m[0m
[0m[1mnull_resource.n[0]: Creating...[0m[0m
[0m[1mnull_resource.n[4]: Creating...[0m[0m
[0m[1mnull_resource.n[3]: Creating...[0m[0m
[0m[1mnull_resource.n[1]: Creating...[0m[0m
[0m[1mnull_resource.n[2]: Creating...[0m[0m
[0m[1mrandom_pet.pet[20]: Creation complete after 0s [id=diverse-muskrat][0m
[0m[1mrandom_pet.pet[1]: Creation complete after 0s [id=driving-alpaca][0m
[0m[1mnull_resource.n[4]: Creation complete after 0s [id=1252495111218296353][0m
[0m[1mnull_resource.n[0]: Creation complete after 0s [id=1925512589193961380][0m
[0m[1mnull_resource.n[3]: Creation complete after 0s [id=8225490022420780933][0m
[0m[1mtime_static.t: Creating...[0m[0m
[0m[1mnull_resource.n[2]: Creation complete after 0s [id=7575326559042156939][0m
[0m[1mnull_resource.n[1]: Creation complete after 0s [id=846555886208376878][0m
[0m[1mtime_static.t: Creation complete after 0s [id=2026-09-30T08:49:08Z][0m
[0m[1mlocal_file.out[17]: Creating...[0m[0m
[0m[1mlocal_file.out[21]: Creating...[0m[0m
[0m[1mlocal_file.out[9]: Creating...[0m[0m
[0m[1mlocal_file.out[8]: Creating...[0m[0m
[0m[1mlocal_file.out[14]: Creating...[0m[0m
[0m[1mlocal_file.out[1]: Creating...[0m[0m
[0m[1mlocal_file.out[6]: Creating...[0m[0m
[0m[1mlocal_file.out[0]: Creating...[0m[0m
[0m[1mlocal_file.out[15]: Creating...[0m[0m
[0m[1mlocal_file.out[17]: Creation complete after 0s [id=75dda5ac597afbf1895d3679d4fcd8f79d4d3132][0m
[0m[1mlocal_file.out[2]: Creating...[0m[0m
[0m[1mlocal_file.out[21]: Creation complete after 0s [id=88a6268caa736b79dd53939ac6f086f41b7ec5c2][0m
[0m[1mlocal_file.out[14]: Creation complete after 0s [id=7896d0a66493441f52bf8720c4b3e7632b7cf4c0][0m
[0m[1mlocal_file.out[1]: Creation complete after 0s [id=13a17d23591ec404eb47a3181089e04800ffd1c5][0m
[0m[1mlocal_file.out[9]: Creation complete after 0s [id=26f517639369d08fd3009bf209106936032e703b][0m
[0m[1mlocal_file.out[6]: Creation complete after 0s [id=300017faf8b3e3038fdcc858df2896331c864871][0m
[0m[1mlocal_file.out[0]: Creation complete after 0s [id=904e7fa3eba50b9418ffddac55092c3074e7eb88][0m
[0m[1mlocal_file.out[8]: Creation complete after 0s [id=bb30c2e42d28034590387bc52dbb9b9811613c61][0m
[0m[1mlocal_file.out[10]: Creating...[0m[0m
[0m[1mlocal_file.out[15]: Creation complete after 0s [id=9eb904357048ee9a00c18cceb81de48f50802191][0m
[0m[1mlocal_file.out[2]: Creation complete after 0s [id=d3e5485e8538106ae7ba5124d375221818b59913][0m
[0m[1mlocal_file.out[23]: Creating...[0m[0m
[0m[1mlocal_file.out[3]: Creating...[0m[0m
[0m[1mlocal_file.out[16]: Creating...[0m[0m
[0m[1mlocal_file.out[22]: Creating...[0m[0m
[0m[1mlocal_file.out[24]: Creating...[0m[0m
[0m[1mlocal_file.out[10]: Creation complete after 0s [id=74b6a163eff8bc12e251faace24f1ddeeff766c7][0m
[0m[1mlocal_file.out[3]: Creation complete after 0s [id=6733323984c63b1ddd6989fd1c7fa2d464115239][0m
[0m[1mlocal_file.out[23]: Creation complete after 0s [id=233f3f3306e6fa5c0d3071990fe146196c910973][0m
[0m[1mlocal_file.out[16]: Creation complete after 0s [id=3319f56480d76203f3bb3a17b01e2b151a5f070f][0m
[0m[1mlocal_file.out[19]: Creating...[0m[0m
[0m[1mlocal_file.out[18]: Creating...[0m[0m
[0m[1mlocal_file.out[12]: Creating...[0m[0m
[0m[1mlocal_file.out[11]: Creating...[0m[0m
[0m[1mlocal_file.out[19]: Creation complete after 0s [id=2fb8f3446f94eb8d365bdf6e87708b85618227f1][0m
[0m[1mlocal_file.out[18]: Creation complete after 0s [id=3388cb6cd0cddc58e89f45ff9a2ef881bc2f08a8][0m
[0m[1mlocal_file.out[22]: Creation complete after 0s [id=5b3d437f0326fef357093d1bcc9bb692753f094a][0m
[0m[1mlocal_file.out[24]: Creation complete after 0s [id=83a06d37e6330fa05d0f112584c4c42247fcfe8a][0m
[0m[1mlocal_file.out[20]: Creating...[0m[0m
[0m[1mlocal_file.out[7]: Creating...[0m[0m
[0m[1mlocal_file.out[5]: Creating...[0m[0m
[0m[1mlocal_file.out[12]: Creation complete after 0s [id=9a207528d6d5a29819ce694e2fac46851c91bf23][0m
[0m[1mlocal_file.out[11]: Creation complete after 0s [id=e755625ac34fe0f946d97cbbe7aff09b13f57418][0m
[0m[1mlocal_file.out[4]: Creating...[0m[0m
[0m[1mlocal_file.out[20]: Creation complete after 0s [id=7599bd6e74f7b7ba21fa76924049ee12fab2b1f6][0m
[0m[1mlocal_file.out[13]: Creating...[0m[0m
[0m[1mlocal_file.out[7]: Creation complete after 0s [id=2ef1c1393b6d0cc65d26f0be7afe5ee7f95308fd][0m
[0m[1mlocal_file.out[5]: Creation complete after 0s [id=c07fe91254e31bc36ab3b33bd522de502559880f][0m
[0m[1mlocal_file.out[4]: Creation complete after 0s [id=b63f7cb998a1bf7be0e413ebc9135953e4aa2567][0m
[0m[1mlocal_file.out[13]: Creation complete after 0s [id=31f83d3260e18943b99b0313de12c26976688cd0][0m
[0m[1m[32m
Apply complete! Resources: 66 added, 0 changed, 0 destroyed.[0m
