[0m[1mdata.external.info: Reading...[0m[0m
[0m[1mrandom_id.id[6]: Refreshing state... [id=flz2jQ][0m
[0m[1mrandom_id.id[8]: Refreshing state... [id=laxtaA][0m
[0m[1mrandom_id.id[0]: Refreshing state... [id=r5vWyw][0m
[0m[1mrandom_id.id[3]: Refreshing state... [id=RM3hug][0m
[0m[1mrandom_id.id[2]: Refreshing state... [id=NREJog][0m
[0m[1mrandom_id.id[7]: Refreshing state... [id=DtmScg][0m
[0m[1mrandom_id.id[5]: Refreshing state... [id=0CyNFQ][0m
[0m[1mtime_static.t: Refreshing state... [id=2026-09-30T08:49:08Z][0m
[0m[1mrandom_id.id[1]: Refreshing state... [id=bTi7GA][0m
[0m[1mrandom_pet.extra[1]: Refreshing state... [id=mistakenly-stable-unicorn][0m
[0m[1mrandom_pet.extra[0]: Refreshing state... [id=slowly-integral-kiwi][0m
[0m[1mrandom_id.id[4]: Refreshing state... [id=sdeG5Q][0m
[0m[1mrandom_id.id[9]: Refreshing state... [id=AQ6Fnw][0m
[0m[1mrandom_pet.pet[14]: Refreshing state... [id=magnetic-ghoul][0m
[0m[1mrandom_pet.pet[13]: Refreshing state... [id=included-sailfish][0m
[0m[1mrandom_pet.pet[2]: Refreshing state... [id=trusting-eagle][0m
[0m[1mrandom_pet.pet[23]: Refreshing state... [id=supreme-urchin][0m
[0m[1mrandom_pet.pet[24]: Refreshing state... [id=destined-dove][0m
[0m[1mrandom_pet.pet[11]: Refreshing state... [id=valued-kangaroo][0m
[0m[1mrandom_pet.pet[1]: Refreshing state... [id=driving-alpaca][0m
[0m[1mrandom_pet.pet[5]: Refreshing state... [id=guided-colt][0m
[0m[1mrandom_pet.pet[7]: Refreshing state... [id=major-bat][0m
[0m[1mrandom_pet.pet[8]: Refreshing state... [id=finer-longhorn][0m
[0m[1mrandom_pet.pet[0]: Refreshing state... [id=topical-grubworm][0m
[0m[1mrandom_pet.pet[4]: Refreshing state... [id=guided-poodle][0m
[0m[1mrandom_pet.pet[17]: Refreshing state... [id=composed-monkey][0m
[0m[1mrandom_pet.pet[12]: Refreshing state... [id=guided-foxhound][0m
[0m[1mrandom_pet.pet[16]: Refreshing state... [id=large-osprey][0m
[0m[1mdata.external.info: Read complete after 0s [id=-][0m
[0m[1mrandom_pet.pet[6]: Refreshing state... [id=in-raptor][0m
[0m[1mdata.local_file.input: Reading...[0m[0m
[0m[1mrandom_pet.pet[19]: Refreshing state... [id=novel-kodiak][0m
[0m[1mrandom_pet.pet[9]: Refreshing state... [id=prompt-shepherd][0m
[0m[1mrandom_pet.pet[15]: Refreshing state... [id=discrete-newt][0m
[0m[1mdata.local_file.input: Read complete after 0s [id=3e43d0fbaee70cacc072599ff2c9951198021c3e][0m
[0m[1mrandom_pet.pet[3]: Refreshing state... [id=full-cockatoo][0m
[0m[1mrandom_pet.pet[21]: Refreshing state... [id=endless-manatee][0m
[0m[1mrandom_pet.pet[10]: Refreshing state... [id=humorous-cub][0m
[0m[1mrandom_pet.pet[22]: Refreshing state... [id=living-crayfish][0m
[0m[1mrandom_pet.pet[18]: Refreshing state... [id=glad-bonefish][0m
[0m[1mrandom_pet.pet[20]: Refreshing state... [id=diverse-muskrat][0m
[0m[1mnull_resource.n[3]: Refreshing state... [id=8225490022420780933][0m
[0m[1mnull_resource.n[2]: Refreshing state... [id=7575326559042156939][0m
[0m[1mnull_resource.n[1]: Refreshing state... [id=846555886208376878][0m
[0m[1mnull_resource.n[0]: Refreshing state... [id=1925512589193961380][0m
[0m[1mnull_resource.n[4]: Refreshing state... [id=1252495111218296353][0m
[0m[1mdata.http.check: Reading...[0m[0m
[0m[1mlocal_file.out[23]: Refreshing state... [id=233f3f3306e6fa5c0d3071990fe146196c910973][0m
[0m[1mlocal_file.out[3]: Refreshing state... [id=aa6140037db52fe7480011130ec8dab0bdafc0aa][0m
[0m[1mlocal_file.out[9]: Refreshing state... [id=26f517639369d08fd3009bf209106936032e703b][0m
[0m[1mlocal_file.out[8]: Refreshing state... [id=bb30c2e42d28034590387bc52dbb9b9811613c61][0m
[0m[1mlocal_file.out[0]: Refreshing state... [id=904e7fa3eba50b9418ffddac55092c3074e7eb88][0m
[0m[1mlocal_file.out[15]: Refreshing state... [id=9eb904357048ee9a00c18cceb81de48f50802191][0m
[0m[1mlocal_file.out[21]: Refreshing state... [id=88a6268caa736b79dd53939ac6f086f41b7ec5c2][0m
[0m[1mlocal_file.out[24]: Refreshing state... [id=83a06d37e6330fa05d0f112584c4c42247fcfe8a][0m
[0m[1mlocal_file.out[10]: Refreshing state... [id=74b6a163eff8bc12e251faace24f1ddeeff766c7][0m
[0m[1mlocal_file.out[14]: Refreshing state... [id=7896d0a66493441f52bf8720c4b3e7632b7cf4c0][0m
[0m[1mlocal_file.out[2]: Refreshing state... [id=d3e5485e8538106ae7ba5124d375221818b59913][0m
[0m[1mlocal_file.out[5]: Refreshing state... [id=c07fe91254e31bc36ab3b33bd522de502559880f][0m
[0m[1mlocal_file.out[12]: Refreshing state... [id=9a207528d6d5a29819ce694e2fac46851c91bf23][0m
[0m[1mlocal_file.out[20]: Refreshing state... [id=7599bd6e74f7b7ba21fa76924049ee12fab2b1f6][0m
[0m[1mlocal_file.out[4]: Refreshing state... [id=b63f7cb998a1bf7be0e413ebc9135953e4aa2567][0m
[0m[1mlocal_file.out[13]: Refreshing state... [id=31f83d3260e18943b99b0313de12c26976688cd0][0m
[0m[1mlocal_file.out[16]: Refreshing state... [id=3319f56480d76203f3bb3a17b01e2b151a5f070f][0m
[0m[1mlocal_file.out[18]: Refreshing state... [id=3388cb6cd0cddc58e89f45ff9a2ef881bc2f08a8][0m
[0m[1mlocal_file.out[11]: Refreshing state... [id=e755625ac34fe0f946d97cbbe7aff09b13f57418][0m
[0m[1mlocal_file.out[22]: Refreshing state... [id=5b3d437f0326fef357093d1bcc9bb692753f094a][0m
[0m[1mlocal_file.out[6]: Refreshing state... [id=300017faf8b3e3038fdcc858df2896331c864871][0m
[0m[1mlocal_file.out[19]: Refreshing state... [id=2fb8f3446f94eb8d365bdf6e87708b85618227f1][0m
[0m[1mlocal_file.out[17]: Refreshing state... [id=75dda5ac597afbf1895d3679d4fcd8f79d4d3132][0m
[0m[1mlocal_file.out[1]: Refreshing state... [id=13a17d23591ec404eb47a3181089e04800ffd1c5][0m
[0m[1mlocal_file.out[7]: Refreshing state... [id=2ef1c1393b6d0cc65d26f0be7afe5ee7f95308fd][0m
[0m[1mdata.http.check: Read complete after 1s [id=https://checkpoint-api.hashicorp.com/v1/check/terraform][0m

[0m[1m[32mNo changes.[0m[1m Your infrastructure matches the configuration.[0m

[0mTerraform has compared your real infrastructure against your configuration
and found no differences, so no changes are needed.
